------------------------------------------------------------
TimeQuest Timing Analyzer Summary
------------------------------------------------------------

Type  : Slow 1200mV 85C Model Setup 'Clock'
Slack : -2.508
TNS   : -59.926

Type  : Slow 1200mV 85C Model Setup 'Guess_button'
Slack : -0.840
TNS   : -3.756

Type  : Slow 1200mV 85C Model Hold 'Clock'
Slack : -0.237
TNS   : -0.463

Type  : Slow 1200mV 85C Model Hold 'Guess_button'
Slack : 0.381
TNS   : 0.000

Type  : Slow 1200mV 85C Model Minimum Pulse Width 'Clock'
Slack : -3.000
TNS   : -58.000

Type  : Slow 1200mV 85C Model Minimum Pulse Width 'Guess_button'
Slack : -3.000
TNS   : -11.000

Type  : Slow 1200mV 0C Model Setup 'Clock'
Slack : -2.111
TNS   : -49.631

Type  : Slow 1200mV 0C Model Setup 'Guess_button'
Slack : -0.653
TNS   : -2.631

Type  : Slow 1200mV 0C Model Hold 'Clock'
Slack : -0.180
TNS   : -0.310

Type  : Slow 1200mV 0C Model Hold 'Guess_button'
Slack : 0.333
TNS   : 0.000

Type  : Slow 1200mV 0C Model Minimum Pulse Width 'Clock'
Slack : -3.000
TNS   : -58.000

Type  : Slow 1200mV 0C Model Minimum Pulse Width 'Guess_button'
Slack : -3.000
TNS   : -11.000

Type  : Fast 1200mV 0C Model Setup 'Clock'
Slack : -0.968
TNS   : -16.436

Type  : Fast 1200mV 0C Model Setup 'Guess_button'
Slack : -0.023
TNS   : -0.069

Type  : Fast 1200mV 0C Model Hold 'Clock'
Slack : -0.233
TNS   : -0.565

Type  : Fast 1200mV 0C Model Hold 'Guess_button'
Slack : 0.199
TNS   : 0.000

Type  : Fast 1200mV 0C Model Minimum Pulse Width 'Clock'
Slack : -3.000
TNS   : -61.068

Type  : Fast 1200mV 0C Model Minimum Pulse Width 'Guess_button'
Slack : -3.000
TNS   : -12.209

------------------------------------------------------------
